// Jest Snapshot v1, https://goo.gl/fbAQLP

exports[`SentMail Component should match snapshot 1`] = `
<section
  className="content sentMail"
>
  <div
    className="email-list"
  />
</section>
`;
