// Jest Snapshot v1, https://goo.gl/fbAQLP

exports[`ComposeEmail Component should match snapshot 1`] = `
<div>
  <div
    class="modal"
  >
    <div
      class="modal-content"
    >
      <div
        class="modal-header"
      >
        <h3
          class="title"
        >
          New Message
        </h3>
        <button
          class="modal-close"
        >
          Ã—
        </button>
      </div>
      <div
        class="modal-body"
      >
        <form
          class="compose-email"
        >
          <label>
            To
          </label>
          <input
            placeholder="Enter recipient email id"
            type="text"
            value=""
          />
          <label>
            Subject
          </label>
          <input
            placeholder="Enter subject"
            type="text"
            value=""
          />
          <label>
            Body
          </label>
          <textarea
            placeholder="Enter message"
          />
          <button
            class="button-solid"
            type="submit"
          >
            Send
          </button>
        </form>
        
      </div>
    </div>
  </div>
</div>
`;
